// Jest Snapshot v1, https://goo.gl/fbAQLP

exports[`should render Header correctly 1`] = `
<div
  className={undefined}
>
  <Loading
    color="#fff"
    delay={1000}
    height={64}
    type="cubes"
    width={64}
  />
</div>
`;
