// Jest Snapshot v1, https://goo.gl/fbAQLP

exports[`should render Header correctly 1`] = `
<div
  className={undefined}
>
  <h1>
    Page Not Found :/
  </h1>
</div>
`;
